[2025-12-22 00:37:01 DEBUG Log:31] Load part thành công (2042)
[2025-12-22 00:37:01 DEBUG Log:31] Load map template thành công (161)
[2025-12-22 00:37:01 DEBUG Log:31] Load skill thành công (3)
[2025-12-22 00:37:01 DEBUG Log:31] Load head avatar thành công (351)
[2025-12-22 00:37:01 DEBUG Log:31] Load flag bag thành công (112)
[2025-12-22 00:37:01 DEBUG Log:31] Load cải trang thành công (361)
[2025-12-22 00:37:01 DEBUG Log:31] Load intrinsic thành công (26)
[2025-12-22 00:37:01 DEBUG Log:31] Load task thành công (33)
[2025-12-22 00:37:01 DEBUG Log:31] Load side task thành công (59)
[2025-12-22 00:37:01 DEBUG Log:31] Load map item template thành công (2154)
[2025-12-22 00:37:01 DEBUG Log:31] Load map item option template thành công (255)
[2025-12-22 00:37:01 DEBUG Log:31] Load shop thành công (22)
[2025-12-22 00:37:01 DEBUG Log:31] Load reward lucky round thành công! 79.25999999999999
[2025-12-22 00:37:01 DEBUG Log:31] Load reward lucky round thành công (82)
[2025-12-22 00:37:01 DEBUG Log:31] Load mob template thành công (84)
[2025-12-22 00:37:01 DEBUG Log:31] Load npc template thành công (80)
[2025-12-22 00:37:02 DEBUG Log:31] Init map thành công!
[2025-12-22 00:37:02 DEBUG Log:31] Thông báo tải dữ liệu images by name thành công (113)
[2025-12-22 00:37:02 DEBUG Log:31] Load clan thành công (0), clan next id: 0
[2025-12-22 00:37:02 DEBUG Log:22] Tổng thời gian load database: 1977(ms)
[2025-12-22 00:37:02 DEBUG Log:22] Thread: 180
[2026-01-01 01:54:20 DEBUG Log:31] Load part thành công (2042)
[2026-01-01 01:54:20 DEBUG Log:31] Load map template thành công (161)
[2026-01-01 01:54:20 DEBUG Log:31] Load skill thành công (3)
[2026-01-01 01:54:20 DEBUG Log:31] Load head avatar thành công (351)
[2026-01-01 01:54:20 DEBUG Log:31] Load flag bag thành công (112)
[2026-01-01 01:54:20 DEBUG Log:31] Load cải trang thành công (361)
[2026-01-01 01:54:20 DEBUG Log:31] Load intrinsic thành công (26)
[2026-01-01 01:54:20 DEBUG Log:31] Load task thành công (33)
[2026-01-01 01:54:20 DEBUG Log:31] Load side task thành công (59)
[2026-01-01 01:54:20 DEBUG Log:31] Load map item template thành công (2154)
[2026-01-01 01:54:20 DEBUG Log:31] Load map item option template thành công (255)
[2026-01-01 01:54:20 DEBUG Log:31] Load shop thành công (22)
[2026-01-01 01:54:20 DEBUG Log:31] Load reward lucky round thành công! 79.25999999999999
[2026-01-01 01:54:20 DEBUG Log:31] Load reward lucky round thành công (82)
[2026-01-01 01:54:20 DEBUG Log:31] Load mob template thành công (84)
[2026-01-01 01:54:20 DEBUG Log:31] Load npc template thành công (80)
[2026-01-01 01:54:21 DEBUG Log:31] Init map thành công!
[2026-01-01 01:54:21 DEBUG Log:31] Thông báo tải dữ liệu images by name thành công (113)
[2026-01-01 01:54:21 DEBUG Log:31] Load clan thành công (0), clan next id: 0
[2026-01-01 01:54:21 DEBUG Log:22] Tổng thời gian load database: 908(ms)
[2026-01-01 01:54:21 DEBUG Log:22] Thread: 180
[2026-01-01 01:55:13 DEBUG Log:31] Load part thành công (2042)
[2026-01-01 01:55:13 DEBUG Log:31] Load map template thành công (161)
[2026-01-01 01:55:13 DEBUG Log:31] Load skill thành công (3)
[2026-01-01 01:55:13 DEBUG Log:31] Load head avatar thành công (351)
[2026-01-01 01:55:13 DEBUG Log:31] Load flag bag thành công (112)
[2026-01-01 01:55:13 DEBUG Log:31] Load cải trang thành công (361)
[2026-01-01 01:55:13 DEBUG Log:31] Load intrinsic thành công (26)
[2026-01-01 01:55:13 DEBUG Log:31] Load task thành công (33)
[2026-01-01 01:55:13 DEBUG Log:31] Load side task thành công (59)
[2026-01-01 01:55:13 DEBUG Log:31] Load map item template thành công (2154)
[2026-01-01 01:55:13 DEBUG Log:31] Load map item option template thành công (255)
[2026-01-01 01:55:13 DEBUG Log:31] Load shop thành công (22)
[2026-01-01 01:55:13 DEBUG Log:31] Load reward lucky round thành công! 79.25999999999999
[2026-01-01 01:55:13 DEBUG Log:31] Load reward lucky round thành công (82)
[2026-01-01 01:55:13 DEBUG Log:31] Load mob template thành công (84)
[2026-01-01 01:55:13 DEBUG Log:31] Load npc template thành công (80)
[2026-01-01 01:55:14 DEBUG Log:31] Init map thành công!
[2026-01-01 01:55:14 DEBUG Log:31] Thông báo tải dữ liệu images by name thành công (113)
[2026-01-01 01:55:14 DEBUG Log:31] Load clan thành công (0), clan next id: 0
[2026-01-01 01:55:14 DEBUG Log:22] Tổng thời gian load database: 930(ms)
[2026-01-01 01:55:14 DEBUG Log:22] Thread: 180
[2026-01-01 01:57:58 DEBUG Log:31] Load part thành công (2042)
[2026-01-01 01:57:58 DEBUG Log:31] Load map template thành công (161)
[2026-01-01 01:57:58 DEBUG Log:31] Load skill thành công (3)
[2026-01-01 01:57:58 DEBUG Log:31] Load head avatar thành công (351)
[2026-01-01 01:57:58 DEBUG Log:31] Load flag bag thành công (112)
[2026-01-01 01:57:58 DEBUG Log:31] Load cải trang thành công (361)
[2026-01-01 01:57:58 DEBUG Log:31] Load intrinsic thành công (26)
[2026-01-01 01:57:58 DEBUG Log:31] Load task thành công (33)
[2026-01-01 01:57:58 DEBUG Log:31] Load side task thành công (59)
[2026-01-01 01:57:58 DEBUG Log:31] Load map item template thành công (2154)
[2026-01-01 01:57:58 DEBUG Log:31] Load map item option template thành công (255)
[2026-01-01 01:57:58 DEBUG Log:31] Load shop thành công (22)
[2026-01-01 01:57:58 DEBUG Log:31] Load reward lucky round thành công! 79.25999999999999
[2026-01-01 01:57:58 DEBUG Log:31] Load reward lucky round thành công (82)
[2026-01-01 01:57:58 DEBUG Log:31] Load mob template thành công (84)
[2026-01-01 01:57:58 DEBUG Log:31] Load npc template thành công (80)
[2026-01-01 01:57:59 DEBUG Log:31] Init map thành công!
[2026-01-01 01:57:59 DEBUG Log:31] Thông báo tải dữ liệu images by name thành công (113)
[2026-01-01 01:57:59 DEBUG Log:31] Load clan thành công (0), clan next id: 0
[2026-01-01 01:57:59 DEBUG Log:22] Tổng thời gian load database: 891(ms)
[2026-01-01 01:57:59 DEBUG Log:22] Thread: 180
[2026-01-01 02:02:39 DEBUG Log:31] Load part thành công (2042)
[2026-01-01 02:02:39 DEBUG Log:31] Load map template thành công (163)
[2026-01-01 02:02:39 DEBUG Log:31] Load skill thành công (4)
[2026-01-01 02:02:39 DEBUG Log:31] Load head avatar thành công (351)
[2026-01-01 02:02:39 DEBUG Log:31] Load flag bag thành công (112)
[2026-01-01 02:02:39 DEBUG Log:31] Load cải trang thành công (361)
[2026-01-01 02:02:39 DEBUG Log:31] Load intrinsic thành công (26)
[2026-01-01 02:02:39 DEBUG Log:31] Load task thành công (33)
[2026-01-01 02:02:39 DEBUG Log:31] Load side task thành công (59)
[2026-01-01 02:02:39 DEBUG Log:31] Load map item template thành công (2154)
[2026-01-01 02:02:39 DEBUG Log:31] Load map item option template thành công (251)
[2026-01-01 02:02:39 DEBUG Log:31] Load shop thành công (22)
[2026-01-01 02:02:39 DEBUG Log:31] Load reward lucky round thành công! 79.25999999999999
[2026-01-01 02:02:39 DEBUG Log:31] Load reward lucky round thành công (82)
[2026-01-01 02:02:39 DEBUG Log:31] Load mob template thành công (84)
[2026-01-01 02:02:39 DEBUG Log:31] Load npc template thành công (80)
[2026-01-01 02:02:39 DEBUG Log:31] Init map thành công!
[2026-01-01 02:02:39 DEBUG Log:31] Thông báo tải dữ liệu images by name thành công (113)
[2026-01-01 02:02:39 DEBUG Log:31] Load clan thành công (0), clan next id: 0
[2026-01-01 02:02:39 DEBUG Log:22] Tổng thời gian load database: 905(ms)
[2026-01-01 02:02:39 DEBUG Log:22] Thread: 183
[2026-01-01 02:08:42 DEBUG Log:31] Load part thành công (2042)
[2026-01-01 02:08:42 DEBUG Log:31] Load map template thành công (163)
[2026-01-01 02:08:42 DEBUG Log:31] Load skill thành công (4)
[2026-01-01 02:08:42 DEBUG Log:31] Load head avatar thành công (351)
[2026-01-01 02:08:42 DEBUG Log:31] Load flag bag thành công (112)
[2026-01-01 02:08:42 DEBUG Log:31] Load cải trang thành công (361)
[2026-01-01 02:08:42 DEBUG Log:31] Load intrinsic thành công (26)
[2026-01-01 02:08:42 DEBUG Log:31] Load task thành công (33)
[2026-01-01 02:08:42 DEBUG Log:31] Load side task thành công (59)
[2026-01-01 02:08:42 DEBUG Log:31] Load map item template thành công (2154)
[2026-01-01 02:08:42 DEBUG Log:31] Load map item option template thành công (251)
[2026-01-01 02:08:42 DEBUG Log:31] Load shop thành công (22)
[2026-01-01 02:08:42 DEBUG Log:31] Load reward lucky round thành công! 79.25999999999999
[2026-01-01 02:08:42 DEBUG Log:31] Load reward lucky round thành công (82)
[2026-01-01 02:08:42 DEBUG Log:31] Load mob template thành công (84)
[2026-01-01 02:08:42 DEBUG Log:31] Load npc template thành công (80)
[2026-01-01 02:08:42 DEBUG Log:31] Init map thành công!
[2026-01-01 02:08:42 DEBUG Log:31] Thông báo tải dữ liệu images by name thành công (113)
[2026-01-01 02:08:42 DEBUG Log:31] Load clan thành công (0), clan next id: 0
[2026-01-01 02:08:42 DEBUG Log:22] Tổng thời gian load database: 878(ms)
[2026-01-01 02:08:42 DEBUG Log:22] Thread: 182
[2026-01-01 10:27:19 DEBUG Log:31] Load part thành công (2042)
[2026-01-01 10:27:20 DEBUG Log:31] Load map template thành công (163)
[2026-01-01 10:27:20 DEBUG Log:31] Load skill thành công (4)
[2026-01-01 10:27:20 DEBUG Log:31] Load head avatar thành công (351)
[2026-01-01 10:27:20 DEBUG Log:31] Load flag bag thành công (112)
[2026-01-01 10:27:20 DEBUG Log:31] Load cải trang thành công (361)
[2026-01-01 10:27:20 DEBUG Log:31] Load intrinsic thành công (26)
[2026-01-01 10:27:20 DEBUG Log:31] Load task thành công (33)
[2026-01-01 10:27:20 DEBUG Log:31] Load side task thành công (59)
[2026-01-01 10:27:20 DEBUG Log:31] Load map item template thành công (2154)
[2026-01-01 10:27:20 DEBUG Log:31] Load map item option template thành công (251)
[2026-01-01 10:27:20 DEBUG Log:31] Load shop thành công (22)
[2026-01-01 10:27:20 DEBUG Log:31] Load reward lucky round thành công! 79.25999999999999
[2026-01-01 10:27:20 DEBUG Log:31] Load reward lucky round thành công (82)
[2026-01-01 10:27:20 DEBUG Log:31] Load mob template thành công (84)
[2026-01-01 10:27:20 DEBUG Log:31] Load npc template thành công (80)
[2026-01-01 10:27:20 DEBUG Log:31] Init map thành công!
[2026-01-01 10:27:20 DEBUG Log:31] Thông báo tải dữ liệu images by name thành công (113)
[2026-01-01 10:27:20 DEBUG Log:31] Load clan thành công (0), clan next id: 0
[2026-01-01 10:27:20 DEBUG Log:22] Tổng thời gian load database: 1079(ms)
[2026-01-01 10:27:20 DEBUG Log:22] Thread: 182
[2026-01-01 10:40:10 DEBUG Log:31] Load part thành công (2042)
[2026-01-01 10:40:10 DEBUG Log:31] Load map template thành công (163)
[2026-01-01 10:40:10 DEBUG Log:31] Load skill thành công (4)
[2026-01-01 10:40:10 DEBUG Log:31] Load head avatar thành công (351)
[2026-01-01 10:40:10 DEBUG Log:31] Load flag bag thành công (112)
[2026-01-01 10:40:10 DEBUG Log:31] Load cải trang thành công (361)
[2026-01-01 10:40:10 DEBUG Log:31] Load intrinsic thành công (26)
[2026-01-01 10:40:10 DEBUG Log:31] Load task thành công (33)
[2026-01-01 10:40:10 DEBUG Log:31] Load side task thành công (59)
[2026-01-01 10:40:10 DEBUG Log:31] Load map item template thành công (2154)
[2026-01-01 10:40:10 DEBUG Log:31] Load map item option template thành công (251)
[2026-01-01 10:40:10 DEBUG Log:31] Load shop thành công (22)
[2026-01-01 10:40:10 DEBUG Log:31] Load reward lucky round thành công! 79.25999999999999
[2026-01-01 10:40:10 DEBUG Log:31] Load reward lucky round thành công (82)
[2026-01-01 10:40:10 DEBUG Log:31] Load mob template thành công (84)
[2026-01-01 10:40:10 DEBUG Log:31] Load npc template thành công (80)
[2026-01-01 10:40:11 DEBUG Log:31] Init map thành công!
[2026-01-01 10:40:11 DEBUG Log:31] Thông báo tải dữ liệu images by name thành công (113)
[2026-01-01 10:40:11 DEBUG Log:31] Load clan thành công (0), clan next id: 0
[2026-01-01 10:40:11 DEBUG Log:22] Tổng thời gian load database: 853(ms)
[2026-01-01 10:40:11 DEBUG Log:22] Thread: 182
[2026-01-01 11:08:00 DEBUG Log:31] Load part thành công (2042)
[2026-01-01 11:08:00 DEBUG Log:31] Load map template thành công (163)
[2026-01-01 11:08:00 DEBUG Log:31] Load skill thành công (4)
[2026-01-01 11:08:00 DEBUG Log:31] Load head avatar thành công (351)
[2026-01-01 11:08:00 DEBUG Log:31] Load flag bag thành công (112)
[2026-01-01 11:08:00 DEBUG Log:31] Load cải trang thành công (361)
[2026-01-01 11:08:00 DEBUG Log:31] Load intrinsic thành công (26)
[2026-01-01 11:08:00 DEBUG Log:31] Load task thành công (33)
[2026-01-01 11:08:00 DEBUG Log:31] Load side task thành công (59)
[2026-01-01 11:08:00 DEBUG Log:31] Load map item template thành công (2154)
[2026-01-01 11:08:00 DEBUG Log:31] Load map item option template thành công (251)
[2026-01-01 11:08:00 DEBUG Log:31] Load shop thành công (22)
[2026-01-01 11:08:00 DEBUG Log:31] Load reward lucky round thành công! 79.25999999999999
[2026-01-01 11:08:00 DEBUG Log:31] Load reward lucky round thành công (82)
[2026-01-01 11:08:00 DEBUG Log:31] Load mob template thành công (84)
[2026-01-01 11:08:00 DEBUG Log:31] Load npc template thành công (80)
[2026-01-01 11:08:00 DEBUG Log:31] Init map thành công!
[2026-01-01 11:08:00 DEBUG Log:31] Thông báo tải dữ liệu images by name thành công (113)
[2026-01-01 11:08:00 DEBUG Log:31] Load clan thành công (0), clan next id: 0
[2026-01-01 11:08:00 DEBUG Log:22] Tổng thời gian load database: 951(ms)
[2026-01-01 11:08:00 DEBUG Log:22] Thread: 182
[2026-01-01 11:18:13 DEBUG Log:31] Load part thành công (2042)
[2026-01-01 11:18:14 DEBUG Log:31] Load map template thành công (163)
[2026-01-01 11:18:14 DEBUG Log:31] Load skill thành công (4)
[2026-01-01 11:18:14 DEBUG Log:31] Load head avatar thành công (351)
[2026-01-01 11:18:14 DEBUG Log:31] Load flag bag thành công (112)
[2026-01-01 11:18:14 DEBUG Log:31] Load cải trang thành công (361)
[2026-01-01 11:18:14 DEBUG Log:31] Load intrinsic thành công (26)
[2026-01-01 11:18:14 DEBUG Log:31] Load task thành công (33)
[2026-01-01 11:18:14 DEBUG Log:31] Load side task thành công (59)
[2026-01-01 11:18:14 DEBUG Log:31] Load map item template thành công (2154)
[2026-01-01 11:18:14 DEBUG Log:31] Load map item option template thành công (251)
[2026-01-01 11:18:14 DEBUG Log:31] Load shop thành công (22)
[2026-01-01 11:18:14 DEBUG Log:31] Load reward lucky round thành công! 79.25999999999999
[2026-01-01 11:18:14 DEBUG Log:31] Load reward lucky round thành công (82)
[2026-01-01 11:18:14 DEBUG Log:31] Load mob template thành công (84)
[2026-01-01 11:18:14 DEBUG Log:31] Load npc template thành công (80)
[2026-01-01 11:18:14 DEBUG Log:31] Init map thành công!
[2026-01-01 11:18:14 DEBUG Log:31] Thông báo tải dữ liệu images by name thành công (113)
[2026-01-01 11:18:14 DEBUG Log:31] Load clan thành công (0), clan next id: 0
[2026-01-01 11:18:14 DEBUG Log:22] Tổng thời gian load database: 805(ms)
[2026-01-01 11:18:14 DEBUG Log:22] Thread: 183
[2026-01-01 11:26:08 DEBUG Log:31] Load part thành công (2042)
[2026-01-01 11:26:08 DEBUG Log:31] Load map template thành công (163)
[2026-01-01 11:26:08 DEBUG Log:31] Load skill thành công (4)
[2026-01-01 11:26:08 DEBUG Log:31] Load head avatar thành công (351)
[2026-01-01 11:26:08 DEBUG Log:31] Load flag bag thành công (112)
[2026-01-01 11:26:08 DEBUG Log:31] Load cải trang thành công (361)
[2026-01-01 11:26:08 DEBUG Log:31] Load intrinsic thành công (26)
[2026-01-01 11:26:08 DEBUG Log:31] Load task thành công (33)
[2026-01-01 11:26:08 DEBUG Log:31] Load side task thành công (59)
[2026-01-01 11:26:08 DEBUG Log:31] Load map item template thành công (2154)
[2026-01-01 11:26:08 DEBUG Log:31] Load map item option template thành công (251)
[2026-01-01 11:26:08 DEBUG Log:31] Load shop thành công (22)
[2026-01-01 11:26:08 DEBUG Log:31] Load reward lucky round thành công! 79.25999999999999
[2026-01-01 11:26:08 DEBUG Log:31] Load reward lucky round thành công (82)
[2026-01-01 11:26:08 DEBUG Log:31] Load mob template thành công (84)
[2026-01-01 11:26:08 DEBUG Log:31] Load npc template thành công (80)
[2026-01-01 11:26:09 DEBUG Log:31] Init map thành công!
[2026-01-01 11:26:09 DEBUG Log:31] Thông báo tải dữ liệu images by name thành công (113)
[2026-01-01 11:26:09 DEBUG Log:31] Load clan thành công (0), clan next id: 0
[2026-01-01 11:26:09 DEBUG Log:22] Tổng thời gian load database: 857(ms)
[2026-01-01 11:26:09 DEBUG Log:22] Thread: 183
[2026-10-02 21:27:47 DEBUG Log:31] Load part thành công (2042)
[2026-10-02 21:27:47 DEBUG Log:31] Load map template thành công (163)
[2026-10-02 21:27:47 DEBUG Log:31] Load skill thành công (4)
[2026-10-02 21:27:47 DEBUG Log:31] Load head avatar thành công (351)
[2026-10-02 21:27:47 DEBUG Log:31] Load flag bag thành công (112)
[2026-10-02 21:27:47 DEBUG Log:31] Load cải trang thành công (361)
[2026-10-02 21:27:47 DEBUG Log:31] Load intrinsic thành công (26)
[2026-10-02 21:27:47 DEBUG Log:31] Load task thành công (34)
[2026-10-02 21:27:47 DEBUG Log:31] Load side task thành công (59)
[2026-10-02 21:27:47 DEBUG Log:31] Load map item template thành công (2154)
[2026-10-02 21:27:47 DEBUG Log:31] Load map item option template thành công (251)
[2026-10-02 21:27:48 DEBUG Log:31] Load shop thành công (22)
[2026-10-02 21:27:48 DEBUG Log:31] Load reward lucky round thành công! 79.25999999999999
[2026-10-02 21:27:48 DEBUG Log:31] Load reward lucky round thành công (82)
[2026-10-02 21:27:48 DEBUG Log:31] Load mob template thành công (84)
[2026-10-02 21:27:48 DEBUG Log:31] Load npc template thành công (80)
[2026-10-02 21:27:51 DEBUG Log:31] Init map thành công!
[2026-10-02 21:27:51 DEBUG Log:31] Thông báo tải dữ liệu images by name thành công (113)
[2026-10-02 21:27:51 DEBUG Log:31] Load clan thành công (0), clan next id: 0
[2026-10-02 21:27:51 DEBUG Log:22] Tổng thời gian load database: 5021(ms)
[2026-10-02 21:27:52 DEBUG Log:22] Thread: 181
[2026-10-02 21:32:20 DEBUG Log:31] Load part thành công (2042)
[2026-10-02 21:32:20 DEBUG Log:31] Load map template thành công (163)
[2026-10-02 21:32:20 DEBUG Log:31] Load skill thành công (4)
[2026-10-02 21:32:20 DEBUG Log:31] Load head avatar thành công (351)
[2026-10-02 21:32:20 DEBUG Log:31] Load flag bag thành công (112)
[2026-10-02 21:32:20 DEBUG Log:31] Load cải trang thành công (361)
[2026-10-02 21:32:20 DEBUG Log:31] Load intrinsic thành công (26)
[2026-10-02 21:32:20 DEBUG Log:31] Load task thành công (34)
[2026-10-02 21:32:20 DEBUG Log:31] Load side task thành công (59)
[2026-10-02 21:32:20 DEBUG Log:31] Load map item template thành công (2154)
[2026-10-02 21:32:20 DEBUG Log:31] Load map item option template thành công (251)
[2026-10-02 21:32:21 DEBUG Log:31] Load shop thành công (22)
[2026-10-02 21:32:21 DEBUG Log:31] Load reward lucky round thành công! 79.25999999999999
[2026-10-02 21:32:21 DEBUG Log:31] Load reward lucky round thành công (82)
[2026-10-02 21:32:21 DEBUG Log:31] Load mob template thành công (84)
[2026-10-02 21:32:21 DEBUG Log:31] Load npc template thành công (80)
[2026-10-02 21:32:21 DEBUG Log:31] Init map thành công!
[2026-10-02 21:32:21 DEBUG Log:31] Thông báo tải dữ liệu images by name thành công (113)
[2026-10-02 21:32:21 DEBUG Log:31] Load clan thành công (0), clan next id: 0
[2026-10-02 21:32:21 DEBUG Log:22] Tổng thời gian load database: 1353(ms)
[2026-10-02 21:32:21 DEBUG Log:22] Thread: 181
[2026-10-03 13:00:09 DEBUG Log:31] Load part thành công (2042)
[2026-10-03 13:00:09 DEBUG Log:31] Load map template thành công (163)
[2026-10-03 13:00:09 DEBUG Log:31] Load skill thành công (4)
[2026-10-03 13:00:09 DEBUG Log:31] Load head avatar thành công (351)
[2026-10-03 13:00:09 DEBUG Log:31] Load flag bag thành công (112)
[2026-10-03 13:00:09 DEBUG Log:31] Load cải trang thành công (361)
[2026-10-03 13:00:09 DEBUG Log:31] Load intrinsic thành công (26)
[2026-10-03 13:00:09 DEBUG Log:31] Load task thành công (34)
[2026-10-03 13:00:09 DEBUG Log:31] Load side task thành công (59)
[2026-10-03 13:00:09 DEBUG Log:31] Load map item template thành công (2154)
[2026-10-03 13:00:09 DEBUG Log:31] Load map item option template thành công (251)
[2026-10-03 13:00:10 DEBUG Log:31] Load shop thành công (22)
[2026-10-03 13:00:10 DEBUG Log:31] Load reward lucky round thành công! 79.25999999999999
[2026-10-03 13:00:10 DEBUG Log:31] Load reward lucky round thành công (82)
[2026-10-03 13:00:10 DEBUG Log:31] Load mob template thành công (84)
[2026-10-03 13:00:10 DEBUG Log:31] Load npc template thành công (80)
[2026-10-03 13:00:13 DEBUG Log:31] Init map thành công!
[2026-10-03 13:00:13 DEBUG Log:31] Thông báo tải dữ liệu images by name thành công (113)
[2026-10-03 13:00:13 DEBUG Log:31] Load clan thành công (0), clan next id: 0
[2026-10-03 13:00:13 DEBUG Log:22] Tổng thời gian load database: 4906(ms)
[2026-10-03 13:00:14 DEBUG Log:22] Thread: 182
[2026-10-03 18:06:24 DEBUG Log:31] Load part thành công (2042)
[2026-10-03 18:06:24 DEBUG Log:31] Load map template thành công (163)
[2026-10-03 18:06:24 DEBUG Log:31] Load skill thành công (4)
[2026-10-03 18:06:24 DEBUG Log:31] Load head avatar thành công (351)
[2026-10-03 18:06:24 DEBUG Log:31] Load flag bag thành công (112)
[2026-10-03 18:06:24 DEBUG Log:31] Load cải trang thành công (361)
[2026-10-03 18:06:24 DEBUG Log:31] Load intrinsic thành công (26)
[2026-10-03 18:06:24 DEBUG Log:31] Load task thành công (34)
[2026-10-03 18:06:24 DEBUG Log:31] Load side task thành công (59)
[2026-10-03 18:06:24 DEBUG Log:31] Load map item template thành công (2154)
[2026-10-03 18:06:24 DEBUG Log:31] Load map item option template thành công (251)
[2026-10-03 18:06:25 DEBUG Log:31] Load shop thành công (22)
[2026-10-03 18:06:25 DEBUG Log:31] Load reward lucky round thành công! 79.25999999999999
[2026-10-03 18:06:25 DEBUG Log:31] Load reward lucky round thành công (82)
[2026-10-03 18:06:25 DEBUG Log:31] Load mob template thành công (84)
[2026-10-03 18:06:25 DEBUG Log:31] Load npc template thành công (80)
[2026-10-03 18:06:27 DEBUG Log:31] Init map thành công!
[2026-10-03 18:06:27 DEBUG Log:31] Thông báo tải dữ liệu images by name thành công (113)
[2026-10-03 18:06:27 DEBUG Log:31] Load clan thành công (0), clan next id: 0
[2026-10-03 18:06:27 DEBUG Log:22] Tổng thời gian load database: 3764(ms)
[2026-10-03 18:06:28 DEBUG Log:22] Thread: 180
[2026-10-03 19:01:00 ERROR Log:49] BEGIN MAINTENANCE...............................
[2026-10-03 19:01:00 DEBUG Log:22] BEGIN KICK OUT SESSION...............................
[2026-10-03 19:01:00 DEBUG Log:22] BEGIN KICK OUT SESSION...............................
[2026-10-03 19:01:00 DEBUG Log:31] SUCCESSFULLY MAINTENANCE!...................................
[2026-10-03 19:01:14 DEBUG Log:31] Load part thành công (2042)
[2026-10-03 19:01:14 DEBUG Log:31] Load map template thành công (163)
[2026-10-03 19:01:14 DEBUG Log:31] Load skill thành công (4)
[2026-10-03 19:01:14 DEBUG Log:31] Load head avatar thành công (351)
[2026-10-03 19:01:14 DEBUG Log:31] Load flag bag thành công (112)
[2026-10-03 19:01:14 DEBUG Log:31] Load cải trang thành công (361)
[2026-10-03 19:01:14 DEBUG Log:31] Load intrinsic thành công (26)
[2026-10-03 19:01:14 DEBUG Log:31] Load task thành công (34)
[2026-10-03 19:01:14 DEBUG Log:31] Load side task thành công (59)
[2026-10-03 19:01:14 DEBUG Log:31] Load map item template thành công (2154)
[2026-10-03 19:01:14 DEBUG Log:31] Load map item option template thành công (251)
[2026-10-03 19:01:15 DEBUG Log:31] Load shop thành công (22)
[2026-10-03 19:01:15 DEBUG Log:31] Load reward lucky round thành công! 79.25999999999999
[2026-10-03 19:01:15 DEBUG Log:31] Load reward lucky round thành công (82)
[2026-10-03 19:01:15 DEBUG Log:31] Load mob template thành công (84)
[2026-10-03 19:01:15 DEBUG Log:31] Load npc template thành công (80)
[2026-10-03 19:01:15 DEBUG Log:31] Init map thành công!
[2026-10-03 19:01:15 DEBUG Log:31] Thông báo tải dữ liệu images by name thành công (113)
[2026-10-03 19:01:15 DEBUG Log:31] Load clan thành công (0), clan next id: 0
[2026-10-03 19:01:15 DEBUG Log:22] Tổng thời gian load database: 1468(ms)
[2026-10-03 19:01:15 DEBUG Log:22] Thread: 183
[2026-10-06 18:58:58 DEBUG Log:31] Load part thành công (2042)
[2026-10-06 18:58:58 DEBUG Log:31] Load map template thành công (163)
[2026-10-06 18:58:58 DEBUG Log:31] Load skill thành công (4)
[2026-10-06 18:58:58 DEBUG Log:31] Load head avatar thành công (351)
[2026-10-06 18:58:58 DEBUG Log:31] Load flag bag thành công (112)
[2026-10-06 18:58:58 DEBUG Log:31] Load cải trang thành công (361)
[2026-10-06 18:58:58 DEBUG Log:31] Load intrinsic thành công (26)
[2026-10-06 18:58:58 DEBUG Log:31] Load task thành công (34)
[2026-10-06 18:58:58 DEBUG Log:31] Load side task thành công (59)
[2026-10-06 18:58:59 DEBUG Log:31] Load map item template thành công (2154)
[2026-10-06 18:58:59 DEBUG Log:31] Load map item option template thành công (251)
[2026-10-06 18:58:59 DEBUG Log:31] Load shop thành công (22)
[2026-10-06 18:58:59 DEBUG Log:31] Load reward lucky round thành công! 79.25999999999999
[2026-10-06 18:59:00 DEBUG Log:31] Load reward lucky round thành công (82)
[2026-10-06 18:59:00 DEBUG Log:31] Load mob template thành công (84)
[2026-10-06 18:59:00 DEBUG Log:31] Load npc template thành công (80)
[2026-10-06 18:59:05 DEBUG Log:31] Init map thành công!
[2026-10-06 18:59:05 DEBUG Log:31] Thông báo tải dữ liệu images by name thành công (113)
[2026-10-06 18:59:05 DEBUG Log:31] Load clan thành công (0), clan next id: 0
[2026-10-06 18:59:05 DEBUG Log:22] Tổng thời gian load database: 7775(ms)
[2026-10-06 18:59:07 DEBUG Log:22] Thread: 179
[2026-10-06 19:01:00 ERROR Log:49] BEGIN MAINTENANCE...............................
[2026-10-06 19:01:00 DEBUG Log:22] BEGIN KICK OUT SESSION...............................
[2026-10-06 19:01:00 DEBUG Log:22] LEFT PLAYER: 1.........................
[2026-10-06 19:01:00 DEBUG Log:22] BEGIN KICK OUT SESSION...............................
[2026-10-06 19:01:00 DEBUG Log:31] SUCCESSFULLY MAINTENANCE!...................................
[2026-10-06 19:01:13 DEBUG Log:31] Load part thành công (2042)
[2026-10-06 19:01:13 DEBUG Log:31] Load map template thành công (163)
[2026-10-06 19:01:13 DEBUG Log:31] Load skill thành công (4)
[2026-10-06 19:01:13 DEBUG Log:31] Load head avatar thành công (351)
[2026-10-06 19:01:13 DEBUG Log:31] Load flag bag thành công (112)
[2026-10-06 19:01:13 DEBUG Log:31] Load cải trang thành công (361)
[2026-10-06 19:01:13 DEBUG Log:31] Load intrinsic thành công (26)
[2026-10-06 19:01:13 DEBUG Log:31] Load task thành công (34)
[2026-10-06 19:01:13 DEBUG Log:31] Load side task thành công (59)
[2026-10-06 19:01:13 DEBUG Log:31] Load map item template thành công (2154)
[2026-10-06 19:01:13 DEBUG Log:31] Load map item option template thành công (251)
[2026-10-06 19:01:14 DEBUG Log:31] Load shop thành công (22)
[2026-10-06 19:01:14 DEBUG Log:31] Load reward lucky round thành công! 79.25999999999999
[2026-10-06 19:01:14 DEBUG Log:31] Load reward lucky round thành công (82)
[2026-10-06 19:01:14 DEBUG Log:31] Load mob template thành công (84)
[2026-10-06 19:01:14 DEBUG Log:31] Load npc template thành công (80)
[2026-10-06 19:01:14 DEBUG Log:31] Init map thành công!
[2026-10-06 19:01:14 DEBUG Log:31] Thông báo tải dữ liệu images by name thành công (113)
[2026-10-06 19:01:14 DEBUG Log:31] Load clan thành công (0), clan next id: 0
[2026-10-06 19:01:14 DEBUG Log:22] Tổng thời gian load database: 2278(ms)
[2026-10-06 19:01:15 DEBUG Log:22] Thread: 182
[2026-10-06 19:04:43 DEBUG Log:31] Load part thành công (2042)
[2026-10-06 19:04:43 DEBUG Log:31] Load map template thành công (163)
[2026-10-06 19:04:43 DEBUG Log:31] Load skill thành công (4)
[2026-10-06 19:04:43 DEBUG Log:31] Load head avatar thành công (351)
[2026-10-06 19:04:43 DEBUG Log:31] Load flag bag thành công (112)
[2026-10-06 19:04:43 DEBUG Log:31] Load cải trang thành công (361)
[2026-10-06 19:04:43 DEBUG Log:31] Load intrinsic thành công (26)
[2026-10-06 19:04:43 DEBUG Log:31] Load task thành công (34)
[2026-10-06 19:04:43 DEBUG Log:31] Load side task thành công (59)
[2026-10-06 19:04:43 DEBUG Log:31] Load map item template thành công (2154)
[2026-10-06 19:04:43 DEBUG Log:31] Load map item option template thành công (251)
[2026-10-06 19:04:44 DEBUG Log:31] Load shop thành công (22)
[2026-10-06 19:04:44 DEBUG Log:31] Load reward lucky round thành công! 79.25999999999999
[2026-10-06 19:04:44 DEBUG Log:31] Load reward lucky round thành công (82)
[2026-10-06 19:04:44 DEBUG Log:31] Load mob template thành công (84)
[2026-10-06 19:04:44 DEBUG Log:31] Load npc template thành công (80)
[2026-10-06 19:04:45 DEBUG Log:31] Init map thành công!
[2026-10-06 19:04:45 DEBUG Log:31] Thông báo tải dữ liệu images by name thành công (113)
[2026-10-06 19:04:45 DEBUG Log:31] Load clan thành công (0), clan next id: 0
[2026-10-06 19:04:45 DEBUG Log:22] Tổng thời gian load database: 2808(ms)
[2026-10-06 19:04:45 DEBUG Log:22] Thread: 181
[2026-10-06 19:06:34 DEBUG Log:31] Load part thành công (2042)
[2026-10-06 19:06:34 DEBUG Log:31] Load map template thành công (163)
[2026-10-06 19:06:34 DEBUG Log:31] Load skill thành công (4)
[2026-10-06 19:06:34 DEBUG Log:31] Load head avatar thành công (351)
[2026-10-06 19:06:34 DEBUG Log:31] Load flag bag thành công (112)
[2026-10-06 19:06:34 DEBUG Log:31] Load cải trang thành công (361)
[2026-10-06 19:06:34 DEBUG Log:31] Load intrinsic thành công (26)
[2026-10-06 19:06:34 DEBUG Log:31] Load task thành công (34)
[2026-10-06 19:06:34 DEBUG Log:31] Load side task thành công (59)
[2026-10-06 19:06:34 DEBUG Log:31] Load map item template thành công (2154)
[2026-10-06 19:06:34 DEBUG Log:31] Load map item option template thành công (251)
[2026-10-06 19:06:34 DEBUG Log:31] Load shop thành công (22)
[2026-10-06 19:06:34 DEBUG Log:31] Load reward lucky round thành công! 79.25999999999999
[2026-10-06 19:06:34 DEBUG Log:31] Load reward lucky round thành công (82)
[2026-10-06 19:06:34 DEBUG Log:31] Load mob template thành công (84)
[2026-10-06 19:06:34 DEBUG Log:31] Load npc template thành công (80)
[2026-10-06 19:06:35 DEBUG Log:31] Init map thành công!
[2026-10-06 19:06:35 DEBUG Log:31] Thông báo tải dữ liệu images by name thành công (113)
[2026-10-06 19:06:35 DEBUG Log:31] Load clan thành công (0), clan next id: 0
[2026-10-06 19:06:35 DEBUG Log:22] Tổng thời gian load database: 1778(ms)
[2026-10-06 19:06:35 DEBUG Log:22] Thread: 183
